#-----------------------------------------------------------
# Vivado v2016.2 (64-bit)
# SW Build 1577090 on Thu Jun  2 16:32:40 MDT 2016
# IP Build 1577682 on Fri Jun  3 12:00:54 MDT 2016
# Start of session at: Sun Nov 06 20:35:33 2016
# Process ID: 9608
# Current directory: C:/Users/liliw/AppData/Roaming/Xilinx/Vivado
# Command line: vivado.exe -gui_launcher_event rodinguilauncherevent932
# Log file: C:/Users/liliw/AppData/Roaming/Xilinx/Vivado/vivado.log
# Journal file: C:/Users/liliw/AppData/Roaming/Xilinx/Vivado\vivado.jou
#-----------------------------------------------------------
start_gui
open_project D:/Vivado/Projects/ee2020_with_vga/ee2020_with_vga.xpr
update_compile_order -fileset sources_1
archive_project D:/Vivado/Projects/ee2020_with_vga.xpr.zip -temp_dir C:/Users/liliw/AppData/Roaming/Xilinx/Vivado/.Xil/Vivado-9608-Liwei -force -include_config_settings
archive_project {C:/Users/liliw/Desktop/Project_Monday_Li Liwei_A0155991R_Workspace.xpr.zip} -temp_dir C:/Users/liliw/AppData/Roaming/Xilinx/Vivado/.Xil/Vivado-9608-Liwei -force -include_config_settings
